Testing: Villa 467B
Raw: Villa 467B - D94, +971 4 395 5591
Address: Villa 467B - D94, +971 4 395 5591
Phone:   N/A
----------------------------------------
Testing: American Hospital
Raw: 12 American Hospital - 15th St, +971 4 377 5500
Address: 12 American Hospital - 15th St, +971 4 377 5500
Phone:   N/A
----------------------------------------
Testing: Jumeirah Terrace
Raw: 1 10 A Street Jumeirah Terrace - 107 ╪┤╪º╪▒╪╣ ╪º┘ä╪½╪º┘å┘è╪î ┘à┘å ╪»┘è╪│┘à╪¿╪î +971 4 379 9954
Address: 1 10 A Street Jumeirah Terrace - 107 ╪┤╪º╪▒╪╣ ╪º┘ä╪½╪º┘å┘è╪î ┘à┘å ╪»┘è╪│┘à╪¿╪î +971 4 379 9954
Phone:   N/A
----------------------------------------
Testing: Al Arti Plaza
Raw: Al Arti Plaza - Zaa'beel St, +971 4 605 6056
Address: Al Arti Plaza - Zaa'beel St, +971 4 605 6056
Phone:   N/A
----------------------------------------
